D:\Softwares\STM32CubeIDE\STM32CubeIDE\plugins\com.st.stm32cube.ide.mcu.externaltools.gnu-tools-for-stm32.12.3.rel1.win32_1.0.100.202403111256\tools\bin/../lib/gcc/arm-none-eabi/12.3.1/../../../../arm-none-eabi/include/stdio.h:220:5:fputc	24	static
../Core/Src/main.c:113:6:display2	16	static
../Core/Src/main.c:120:6:setAlarmToA	16	static
../Core/Src/main.c:137:6:setAlarmToB	24	static
../Core/Src/main.c:156:6:HAL_GPIO_EXTI_Callback	16	static
../Core/Src/main.c:161:6:onKeyUP	40	static
../Core/Src/main.c:221:6:onKey0	8	static
../Core/Src/main.c:268:6:onKey1	40	static
../Core/Src/main.c:366:6:onKey2	40	static
../Core/Src/main.c:464:6:HAL_TIM_PeriodElapsedCallback	16	static
../Core/Src/main.c:540:6:getTime	8	static
../Core/Src/main.c:555:6:display	32	static
../Core/Src/main.c:563:6:display_current_time	40	static
../Core/Src/main.c:569:6:HAL_RTC_AlarmAEventCallback	16	static
../Core/Src/main.c:590:6:HAL_RTCEx_AlarmBEventCallback	16	static
../Core/Src/main.c:597:6:display1	32	static
../Core/Src/main.c:609:5:main	8	static
../Core/Src/main.c:671:6:SystemClock_Config	88	static
../Core/Src/main.c:717:6:Error_Handler	4	static,ignoring_inline_asm
